2026-07-29 09:26 - __main__ - ERROR - An error occured during scraping: Locator.click: Target page, context or browser has been closed
Call log:
  - waiting for locator(".next a")
    - locator resolved to <a href="page-33.html">next</a>
  - attempting click action
    - waiting for element to be visible, enabled and stable
Traceback (most recent call last):
  File "D:\PYTHON DEV\books_to_scrape\main.py", line 34, in main
    await scraper.advanced_scraper(context, advanced_data)
  File "D:\PYTHON DEV\books_to_scrape\scraper.py", line 120, in advanced_scraper
    await next_button.click()
  File "d:\PYTHON DEV\playwright-python\venv\Lib\site-packages\playwright\async_api\_generated.py", line 17692, in click
    await self._impl_obj.click(
    ...<10 lines>...
    )
  File "d:\PYTHON DEV\playwright-python\venv\Lib\site-packages\playwright\_impl\_locator.py", line 163, in click
    return await self._frame._click(self._selector, strict=True, **params)
           ^^^^^^^^^^^^^^^^^^^^^^^^^^^^^^^^^^^^^^^^^^^^^^^^^^^^^^^^^^^^^^^
  File "d:\PYTHON DEV\playwright-python\venv\Lib\site-packages\playwright\_impl\_frame.py", line 591, in _click
    await self._channel.send("click", self._timeout, locals_to_params(locals()))
  File "d:\PYTHON DEV\playwright-python\venv\Lib\site-packages\playwright\_impl\_connection.py", line 69, in send
    return await self._connection.wrap_api_call(
           ^^^^^^^^^^^^^^^^^^^^^^^^^^^^^^^^^^^^^
    ...<3 lines>...
    )
    ^
  File "d:\PYTHON DEV\playwright-python\venv\Lib\site-packages\playwright\_impl\_connection.py", line 563, in wrap_api_call
    raise rewrite_error(error, f"{parsed_st['apiName']}: {error}") from None
playwright._impl._errors.TargetClosedError: Locator.click: Target page, context or browser has been closed
Call log:
  - waiting for locator(".next a")
    - locator resolved to <a href="page-33.html">next</a>
  - attempting click action
    - waiting for element to be visible, enabled and stable

2026-07-29 09:44 - __main__ - WARNING - Program interrupted by user.
2026-07-29 09:46 - __main__ - WARNING - Program interrupted by user.
